// Jest Snapshot v1, https://goo.gl/fbAQLP

exports[`About Me Component Unit Test Snap Shot Testing 1`] = `
<DocumentFragment>
  <div
    class="wrapper about-me"
  >
    <h1
      class="primary-heading primary-heading"
    >
      <span
        class="is-en"
      >
        Koji Yamauchi
      </span>
        |  
      <span
        class="is-jp"
      >
        ヤマウチ コウジ
      </span>
    </h1>
    <p
      class="letter letter is-en"
    >
      I am mainly involved in web front-end development and production from Based in Tokyo, Japan.
      <br />
      (Some back-end development)
      <br />
      In the front-end area, we can provide services such as development environment construction and maintenance, CI/CD construction (GitHub Actions), API communication (Rest API・GraphQL), styling (UI implementation・design implementation), interaction implementation and animation implementation. so please feel free to contact us.
      <br />
      My skills, TypeScript / JavaScript / React / Next.js / GraphQL / Node.js / Webpack / Gulp / GitHub / GitHub Actions / Sass / CSS / HTML / VSCode / Photoshop / Illustrator.
      <br />
      Currently, past projects is private.
      <br />
      If want you see please following contact us.
      <br />
      I’ll get back to you.
      <br />
      Loves & fun making things.
      <span
        class="is-emoji"
      >
        ✌️
      </span>
    </p>
    <p
      class="letter letter is-jp"
    >
      東京都内にて、主にWebフロントエンドの開発・制作に携わっております。
      <br />
      (Node.js開発も少々)
      <br />
      フロントエンド領域においては、開発環境構築・整備、CI・CD構築 (GitHub Actions)、Rest API・GraphQL等のAPI通信、UI実装・デザイン実装等のスタイリング周り、インタラクション実装・アニメーション実装まで承る事が可能ですので、お気軽にご連絡下さい。
      <br />
      使用言語・開発環境等は、TypeScript・JavaScript・React・Next.js・GraphQL・Node.js・Webpack・Gulp・GitHub・GitHub Actions・Sass・CSS・HTML・VSCode・Photoshop・Illustratorになります。
      <br />
      現在、制作実績は非公開になりますので、下記よりお問い合わせ下さい。
      <br />
      折り返しご連絡させていただきます。
    </p>
    <div
      class="mail-wrapper mail-wrapper"
    >
      <a
        class="button-mail button-mail"
        href="mailto:all.the.small.things@me.com"
      >
        <svg
          class="icon-arrow-mail icon-arrow-mail"
          viewBox="0 0 24 24"
          xmlns="http://www.w3.org/2000/svg"
        >
          <path
            d="M0 0h24v24H0V0z"
            fill="none"
          />
          <path
            d="M4.01 6.03l7.51 3.22-7.52-1 .01-2.22m7.5 8.72L4 17.97v-2.22l7.51-1M2.01 3L2 10l15 2-15 2 .01 7L23 12 2.01 3z"
          />
        </svg>
        CONTACT US
      </a>
    </div>
    <div
      class="back-wrapper back-wrapper"
    >
      <button
        class="button-back button-back"
      >
        <svg
          class="icon-arrow-back icon-arrow-back"
          viewBox="0 0 24 24"
          xmlns="http://www.w3.org/2000/svg"
        >
          <path
            d="M0 0h24v24H0V0z"
            fill="none"
          />
          <path
            d="M20 11H7.83l5.59-5.59L12 4l-8 8 8 8 1.41-1.41L7.83 13H20v-2z"
          />
        </svg>
        HIDE ABOUT ME
      </button>
    </div>
  </div>
</DocumentFragment>
`;
