// Jest Snapshot v1, https://goo.gl/fbAQLP

exports[`Typography Component Unit Test Snap Shot Testing 1`] = `
<DocumentFragment>
  <div
    class="wrapper"
    id="typography-component"
  >
    <svg
      enable-background="new 0 0 2188.2 325.7"
      version="1.1"
      viewBox="0 0 2188.2 325.7"
      x="0px"
      xml:space="preserve"
      xmlns="http://www.w3.org/2000/svg"
      xmlns:xlink="http://www.w3.org/1999/xlink"
      y="0px"
    >
      <g
        class="shadows"
      >
        <path
          class="draw-shadow draw-shadow path-1 "
          d="M359,222c0,0,12-68,57-172c0,0,3,101,43,172"
        />
        <path
          class="draw-shadow draw-shadow path-2 "
          d="M366,148c0,0,43,8,61,5"
        />
        <path
          class="draw-shadow draw-shadow path-3 "
          d="M496,50c0,0,9,73-2,177"
        />
        <path
          class="draw-shadow draw-shadow path-4 "
          d="M546,50c0,0,12,44-4,177"
        />
        <path
          class="draw-shadow draw-shadow path-5 "
          d="M646,71c0,0,65-4,95,5"
        />
        <path
          class="draw-shadow draw-shadow path-6 "
          d="M696,68c0,0-18,30,7,148"
        />
        <path
          class="draw-shadow draw-shadow path-7 "
          d="M769,44c0,0-2,2-3,17s-8,123-16,150"
        />
        <path
          class="draw-shadow draw-shadow path-8 "
          d="M754,142c0,0,50-37,70,4c8,18,5,55,4,74"
        />
        <path
          class="draw-shadow draw-shadow path-9 "
          d="M857,157c0,0,99,26,68-27c-20-31-62,5-61,21s14,95,74,41"
        />
        <path
          class="draw-shadow draw-shadow path-10 "
          d="M1121,60c0,0-69-12-85,22s39,52,57,82s-11,42-30,55"
        />
        <path
          class="draw-shadow draw-shadow path-11 "
          d="M1142,138c0,0,2,61,5,81s-2-65-2-65s12-24,34-25s34,74,34,74s-2-68,26-71c23-3,42,77,42,77"
        />
        <path
          class="draw-shadow draw-shadow path-12 "
          d="M1385,143c0,0-43-23-60-2s-41,98,60,56c0,0,4-61,0-68c0,0,5,74,0,87"
        />
        <path
          class="draw-shadow draw-shadow path-13 "
          d="M1431,49c0,0,10,104-3,176"
        />
        <path
          class="draw-shadow draw-shadow path-14 "
          d="M1481,49c0,0,7,37-4,176"
        />
        <path
          class="draw-shadow draw-shadow path-15 "
          d="M1581,71c0,0,53-6,95,5"
        />
        <path
          class="draw-shadow draw-shadow path-16 "
          d="M1631,68c0,0-17,62,6,148"
        />
        <path
          class="draw-shadow draw-shadow path-17 "
          d="M1704,42c0,0-4,7-4,19s-4,98-16,149"
        />
        <path
          class="draw-shadow draw-shadow path-18 "
          d="M1689,145c0,0,51-46,70,12c3,14,5,40,3,62"
        />
        <path
          class="draw-shadow draw-shadow path-19 "
          d="M1809,99c0,0-6,1-3,5"
        />
        <path
          class="draw-shadow draw-shadow path-20 "
          d="M1809,135v27c0,0,3,34-4,60"
        />
        <path
          class="draw-shadow draw-shadow path-21 "
          d="M1861,131c0,0-1,58-9,91c0,0-4-124,54-67c6,10,5,77,5,77"
        />
        <path
          class="draw-shadow draw-shadow path-22 "
          d="M1990,126c0,0-36-16-45,63c0,21,71,40,64,4s-22-81-22-81s87,232-51,176"
        />
        <path
          class="draw-shadow draw-shadow path-23 "
          d="M2114,131c0,0-52-22-70,24c-9,23,83,2,78,35s-49,36-79,11"
        />
        <path
          class="draw-shadow draw-shadow path-24 "
          d="M2159,209c0,0,4,14-23,34"
        />
        <path
          class="draw-shadow draw-shadow path-25 "
          d="M75.2,50.2c-8.7,33.5-10.7,68.3-12.3,102.9c-1.2,24.9-2.1,50,1.6,74.6"
        />
        <path
          class="draw-shadow draw-shadow path-26 "
          d="M78.2,48.4c12.1,2.1,23.9,6.1,34.9,11.7c6,3.1,11.9,6.7,16.4,11.7c4.6,5,7.7,11.5,7.7,18.3c-0.1,5.9-2.5,11.4-5.3,16.6c-10.1,18.8-25,34.9-43,46.3c-5.8,3.7-12.4,7-19.1,5.8c-7.8-1.3-13.3-7.9-18.1-14.2c11.7,23.2,33.6,39.3,55.2,53.7c9.4,6.3,19.1,12.5,30,15.6"
        />
        <path
          class="draw-shadow draw-shadow path-27 "
          d="M165.2,156.9c17,2,34.2,3,51.3,3c7.3,0,15.6-0.6,20.3-6.1c3.4-4,4.1-10,2.4-15s-5.5-9.2-9.9-12.1c-8.2-5.5-18.8-7.2-28.3-4.5c-9.5,2.7-17.6,9.8-21.7,18.8c-5.8,12.9-3.1,27.9,1.3,41.4c1.7,5.4,3.8,10.9,7.8,15c2.1,2.2,4.6,3.9,7.3,5.4c13,7,29.4,7.3,42.7,0.8c4.7-2.3,9.1-5.6,11.3-10.3"
        />
        <path
          class="draw-shadow draw-shadow path-28 "
          d="M302.6,145.3c0.2,1.9,0.1,3.9-0.3,5.7"
        />
        <path
          class="draw-shadow draw-shadow path-29 "
          d="M298.7,215.5c0.7,1.7,0.7,3.6,0.2,5.3"
        />
      </g>
      <g
        class="typographys"
      >
        <path
          class="draw-typography draw-typography path-1 "
          d="M349,212c0,0,12-68,57-172c0,0,3,101,43,172"
        />
        <path
          class="draw-typography draw-typography path-2 "
          d="M356,138c0,0,43,8,61,5"
        />
        <path
          class="draw-typography draw-typography path-3 "
          d="M486,40c0,0,9,73-2,177"
        />
        <path
          class="draw-typography draw-typography path-4 "
          d="M536,40c0,0,12,44-4,177"
        />
        <path
          class="draw-typography draw-typography path-5 "
          d="M636,61c0,0,65-4,95,5"
        />
        <path
          class="draw-typography draw-typography path-6 "
          d="M686,58c0,0-18,30,7,148"
        />
        <path
          class="draw-typography draw-typography path-7 "
          d="M759,34c0,0-2,2-3,17s-8,123-16,150"
        />
        <path
          class="draw-typography draw-typography path-8 "
          d="M744,132c0,0,50-37,70,4c8,18,5,55,4,74"
        />
        <path
          class="draw-typography draw-typography path-9 "
          d="M847,147c0,0,99,26,68-27c-20-31-62,5-61,21s14,95,74,41"
        />
        <path
          class="draw-typography draw-typography path-10 "
          d="M1111,50c0,0-69-12-85,22s39,52,57,82s-11,42-30,55"
        />
        <path
          class="draw-typography draw-typography path-11 "
          d="M1132,128c0,0,2,61,5,81s-2-65-2-65s12-24,34-25s34,74,34,74s-2-68,26-71c23-3,42,77,42,77"
        />
        <path
          class="draw-typography draw-typography path-12 "
          d="M1375,133c0,0-43-23-60-2s-41,98,60,56c0,0,4-61,0-68c0,0,5,74,0,87"
        />
        <path
          class="draw-typography draw-typography path-13 "
          d="M1421,39c0,0,10,104-3,176"
        />
        <path
          class="draw-typography draw-typography path-14 "
          d="M1471,39c0,0,7,37-4,176"
        />
        <path
          class="draw-typography draw-typography path-15 "
          d="M1571,61c0,0,53-6,95,5"
        />
        <path
          class="draw-typography draw-typography path-16 "
          d="M1621,58c0,0-17,62,6,148"
        />
        <path
          class="draw-typography draw-typography path-17 "
          d="M1694,32c0,0-4,7-4,19s-4,98-16,149"
        />
        <path
          class="draw-typography draw-typography path-18 "
          d="M1679,135c0,0,51-46,70,12c3,14,5,40,3,62"
        />
        <path
          class="draw-typography draw-typography path-19 "
          d="M1799,89c0,0-6,1-3,5"
        />
        <path
          class="draw-typography draw-typography path-20 "
          d="M1799,125v27c0,0,3,34-4,60"
        />
        <path
          class="draw-typography draw-typography path-21 "
          d="M1851,121c0,0-1,58-9,91c0,0-4-124,54-67c6,10,5,77,5,77"
        />
        <path
          class="draw-typography draw-typography path-22 "
          d="M1980,116c0,0-36-16-45,63c0,21,71,40,64,4s-22-81-22-81s87,232-51,176"
        />
        <path
          class="draw-typography draw-typography path-23 "
          d="M2104,121c0,0-52-22-70,24c-9,23,83,2,78,35s-49,36-79,11"
        />
        <path
          class="draw-typography draw-typography path-24 "
          d="M2149,199c0,0,4,14-23,34"
        />
        <path
          class="draw-typography draw-typography path-25 "
          d="M65.2,40.2c-8.7,33.5-10.7,68.3-12.3,102.9c-1.2,24.9-2.1,50,1.6,74.6"
        />
        <path
          class="draw-typography draw-typography path-26 "
          d="M68.2,38.4c12.1,2.1,23.9,6.1,34.9,11.7c6,3.1,11.9,6.7,16.4,11.7c4.6,5,7.7,11.5,7.7,18.3c-0.1,5.9-2.5,11.4-5.3,16.6c-10.1,18.8-25,34.9-43,46.3c-5.8,3.7-12.4,7-19.1,5.8c-7.8-1.3-13.3-7.9-18.1-14.2c11.7,23.2,33.6,39.3,55.2,53.7c9.4,6.3,19.1,12.5,30,15.6"
        />
        <path
          class="draw-typography draw-typography path-27 "
          d="M155.2,146.9c17,2,34.2,3,51.3,3c7.3,0,15.6-0.6,20.3-6.1c3.4-4,4.1-10,2.4-15c-1.7-5-5.5-9.2-9.9-12.1c-8.2-5.5-18.8-7.2-28.3-4.5c-9.5,2.7-17.6,9.8-21.7,18.8c-5.8,12.9-3.1,27.9,1.3,41.4c1.7,5.4,3.8,10.9,7.8,15c2.1,2.2,4.6,3.9,7.3,5.4c13,7,29.4,7.3,42.7,0.8c4.7-2.3,9.1-5.6,11.3-10.3"
        />
        <path
          class="draw-typography draw-typography path-28 "
          d="M292.6,135.3c0.2,1.9,0.1,3.9-0.3,5.7"
        />
        <path
          class="draw-typography draw-typography path-29 "
          d="M288.7,205.5c0.7,1.7,0.7,3.6,0.2,5.3"
        />
      </g>
    </svg>
    <h1
      class="primary-heading primary-heading"
    >
      Koji Yamauchi | ヤマウチ コウジ | 山内 康次 | Tokyo | Japan | Freelance Web Developer | Web Frontend | TypeScript | JavaScript | React | Next.js | Webpack | Gulp | Node.js | Design | Photoshop | Illustrator
    </h1>
  </div>
</DocumentFragment>
`;
