// Jest Snapshot v1, https://goo.gl/fbAQLP

exports[`Link Cube Component Unit Test Snap Shot Testing 1`] = `<DocumentFragment />`;
